# 29.2-11 token-file gap-fix PR proof run (prove-import 'Live proof' step output)
run id: 36772753821 attempt 2; attempt 1 (job 110083376926) failed KIND-CELERY-PING only (exit 69, no pong), at step 9 before --hook (raw log: 29.2-11-proof-run-attempt1.log)
run URL: https://github.com/OttawaCloudConsulting/security-platform/actions/runs/36772753821
prove-import job URL (attempt 2): https://github.com/OttawaCloudConsulting/security-platform/actions/runs/36772753821/job/110087997166
PR: https://github.com/OttawaCloudConsulting/security-platform/pull/28
head SHA: 34e345bbae11ae9215d2825a7ba178667ea04295
prove-import conclusion: success
attempt 2 rerun pre-authorised by operator in Task 1 ("celery rerun: yes") and confirmed in session ("Yes, rerun"): gh run rerun 36772753821 --failed, exactly one attempt; GitHub re-ran all 8 jobs of the run (new job IDs, incl. scans / DefectDojo Import)
measured: PROOF PASS - 166 assertions (expected 151 + 15 = 166: match); 166 'PROOF: ... PASS' lines, 0 'PROOF: ... FAIL' lines
scrub: see 29.2-11-SUMMARY.md
trailing whitespace stripped for the docs pre-commit git diff --check; content otherwise verbatim
----- Live proof step (prefix 'prove-import<TAB>Live proof<TAB><timestamp> ' stripped) -----
##[group]Run bash scripts/defectdojo-import-proof.sh dd-reports
^[[36;1mbash scripts/defectdojo-import-proof.sh dd-reports^[[0m
shell: /usr/bin/bash -e {0}
##[endgroup]
PASS: defectdojo-import/dd-gate: extracted (12 lines), no ${{, bash -n clean, env names match the contract ['DD_TOKEN']
PASS: defectdojo-import/dd-import: extracted (223 lines), no ${{, bash -n clean, env names match the contract ['DD_CA_CERT', 'DD_INSECURE', 'DD_PRODUCT', 'DD_PRODUCT_TYPE', 'DD_REPORTS_DIR', 'DD_RESULTS_FILE', 'DD_TOKEN', 'DD_URL']
PASS: defectdojo-import/dd-verify: extracted (39 lines), no ${{, bash -n clean, env names match the contract ['DD_IMPORT_OUTCOME', 'DD_RESULTS_FILE']
PASS: defectdojo-cleanup/dd-gate: extracted (12 lines), no ${{, bash -n clean, env names match the contract ['DD_TOKEN']
PASS: defectdojo-cleanup/dd-delete: extracted (219 lines), no ${{, bash -n clean, env names match the contract ['DD_CA_CERT', 'DD_CLEANUP_RESULT_FILE', 'DD_DEFAULT_BRANCH', 'DD_INSECURE', 'DD_PRODUCT', 'DD_TOKEN', 'DD_URL']
PASS: defectdojo-cleanup/dd-cleanup-verify: extracted (23 lines), no ${{, bash -n clean, env names match the contract ['DD_CLEANUP_RESULT_FILE', 'DD_DELETE_OUTCOME']
PASS: DD-GATE-IDENTICAL: the import and cleanup dd-gate bodies are byte-identical
extract: 7 passed, 0 failed
EXTRACT PASS - .github/workflows/security.yml
helm client: v4.3.0+gbec5b06
    kubernetes/defectdojo/charts/defectdojo-1.9.53.tgz not vendored; running helm dependency build (needs network)
Hang tight while we grab the latest from your chart repositories...
...Successfully got an update from the "defectdojo" chart repository
Update Complete. ⎈Happy Helming!⎈
Saving 1 charts
Downloading defectdojo from repo https://raw.githubusercontent.com/DefectDojo/django-DefectDojo/helm-charts
Deleting outdated charts
--- 1. kind cluster ---
    creating cluster dd-smoke (cold image pulls follow; this is the slow part)
==> KIND-CLUSTER: PASS - cluster dd-smoke is up (context kind-dd-smoke)
--- 2. cert-manager v1.21.2 ---
==> KIND-CERT-MANAGER: PASS - cert-manager v1.21.2 applied; cert-manager, cert-manager-webhook and cert-manager-cainjector rolled out
--- 3. ingress-nginx controller-v1.15.1 (smoke-only; archived upstream) ---
==> KIND-INGRESS-NGINX: PASS - ingress-nginx controller-v1.15.1 rolled out; IngressClass nginx annotated is-default-class=true
--- 4. CA ClusterIssuer ---
==> KIND-CA-ISSUER: PASS - ClusterIssuer selfsigned -> Certificate smoke-ca (isCA, Ready) -> ClusterIssuer smoke-ca
--- 5. namespace and pre-created Secrets ---
    Secrets defectdojo, defectdojo-postgresql-specific, defectdojo-valkey-specific applied from stdin
--- 6. install (D-15: first install only) ---
NAME: defectdojo
LAST DEPLOYED: Wed Sep 30 20:41:35 2026
NAMESPACE: defectdojo
STATUS: deployed
REVISION: 1
DESCRIPTION: Install complete
==> KIND-INSTALL: exit=0 (PASS - completed successfully)
--- 7. workloads ---
==> KIND-DEPLOYMENTS-READY: PASS - every Deployment in defectdojo is Available, including defectdojo-django defectdojo-celery-worker defectdojo-celery-beat
==> KIND-PG-PVC-BOUND: PASS - Postgres PVC(s) Bound: data-defectdojo-postgresql-0=Bound
--- 8. ingress and certificate ---
==> KIND-CERT-READY: PASS - Certificate defectdojo-tls (created by ingress-shim from the annotation) is Ready
==> KIND-INGRESSCLASS-DEFAULTED: PASS - the live Ingress has ingressClassName nginx, set by DefaultIngressClass admission
--- 9. verified TLS, login and broker ---
==> KIND-TLS-LOGIN-200: PASS - GET https://defectdojo.smoke.test:18443/login -> 200 with ssl_verify_result 0 against the issued ca.crt; served cert issuer CN = smoke-ca, SAN DNS:defectdojo.smoke.test
==> KIND-LOGIN: PASS - admin login POST (CSRF token + Referer) -> 302 to https://defectdojo.smoke.test:18443/; /dashboard with the session -> 200, all over verified TLS
==> KIND-CELERY-PING: PASS - celery -A dojo inspect ping in defectdojo-celery-worker/celery exited 0 with pong (broker round-trip)
--- 10. post-hook /home/runner/work/security-platform/security-platform/scripts/defectdojo-import-proof.sh ---
=== DefectDojo import proof against https://defectdojo.smoke.test:18443 (run 1) ===
PASS: defectdojo-import/dd-gate: extracted (12 lines), no ${{, bash -n clean, env names match the contract ['DD_TOKEN']
PASS: defectdojo-import/dd-import: extracted (223 lines), no ${{, bash -n clean, env names match the contract ['DD_CA_CERT', 'DD_INSECURE', 'DD_PRODUCT', 'DD_PRODUCT_TYPE', 'DD_REPORTS_DIR', 'DD_RESULTS_FILE', 'DD_TOKEN', 'DD_URL']
PASS: defectdojo-import/dd-verify: extracted (39 lines), no ${{, bash -n clean, env names match the contract ['DD_IMPORT_OUTCOME', 'DD_RESULTS_FILE']
PASS: defectdojo-cleanup/dd-gate: extracted (12 lines), no ${{, bash -n clean, env names match the contract ['DD_TOKEN']
PASS: defectdojo-cleanup/dd-delete: extracted (219 lines), no ${{, bash -n clean, env names match the contract ['DD_CA_CERT', 'DD_CLEANUP_RESULT_FILE', 'DD_DEFAULT_BRANCH', 'DD_INSECURE', 'DD_PRODUCT', 'DD_TOKEN', 'DD_URL']
PASS: defectdojo-cleanup/dd-cleanup-verify: extracted (23 lines), no ${{, bash -n clean, env names match the contract ['DD_CLEANUP_RESULT_FILE', 'DD_DELETE_OUTCOME']
PASS: DD-GATE-IDENTICAL: the import and cleanup dd-gate bodies are byte-identical
extract: 7 passed, 0 failed
PROOF: P-EXTRACT PASS six committed side-channel bodies extracted from .github/workflows/security.yml
PROOF: P-TLS PASS GET https://defectdojo.smoke.test:18443/api/v2/ -> http 403, ssl_verify_result 0 against the kind CA; host resolved by DEFECTDOJO_RESOLVE; the hostile CURL_HOME curlrc was ignored
PROOF: P-ADMIN-TOKEN PASS api-token-auth as admin -> 200 with a token, over verified TLS
PROOF: P-USER PASS ci-importer created and read back with is_staff=true, is_superuser=false (the documented minimum, not superuser)
PROOF: P-IMPORTER-TOKEN PASS api-token-auth as ci-importer -> 200 with a token, over verified TLS; all body runs use this token
PROOF: P-GATE PASS token absent -> exit 0, enabled=false, SKIP line printed
PROOF: P-GATE PASS Dependabot actor with a token set -> exit 0, enabled=false
PROOF: P-GATE PASS token present, normal actor -> exit 0, enabled=true
    | TLS mode: verified-ca
    | product=proof/security-platform product_type=CI engagement=ci/proof/branch-a
    | IMPORTED: semgrep-results.json scan_type=Semgrep JSON Report test=semgrep http=201 test_id=1 after_total=7
    | IMPORTED: checkov-results.json scan_type=Checkov Scan test=checkov http=201 test_id=2 after_total=14
    | IMPORTED: trivy-fs.json scan_type=Trivy Scan test=trivy-fs http=201 test_id=3 after_total=6
    | IMPORTED: trivy-image.json scan_type=Trivy Scan test=trivy-image http=201 test_id=4 after_total=59
    | IMPORTED: gitleaks-results.json scan_type=Gitleaks Scan test=gitleaks http=201 test_id=5 after_total=18
    | IMPORTED: npm-audit-1.json scan_type=NPM Audit v7+ Scan test=npm-audit-1 http=201 test_id=6 after_total=2
    | IMPORTED: pip-audit-1.json scan_type=pip-audit Scan test=pip-audit-1 http=201 test_id=7 after_total=47
    | IMPORTED: tflint.sarif scan_type=SARIF test=tflint http=201 test_id=8 after_total=3
    | attempted=8 skipped=0 failed=0
PROOF: P-RUN1 PASS committed dd-import body exited 0 as ci-importer, tls_mode verified-ca, no ::warning::
    | OK   semgrep-results.json test=semgrep http=201 test_id=1 after_total=7
    | OK   checkov-results.json test=checkov http=201 test_id=2 after_total=14
    | OK   trivy-fs.json test=trivy-fs http=201 test_id=3 after_total=6
    | OK   trivy-image.json test=trivy-image http=201 test_id=4 after_total=59
    | OK   gitleaks-results.json test=gitleaks http=201 test_id=5 after_total=18
    | OK   npm-audit-1.json test=npm-audit-1 http=201 test_id=6 after_total=2
    | OK   pip-audit-1.json test=pip-audit-1 http=201 test_id=7 after_total=47
    | OK   tflint.sarif test=tflint http=201 test_id=8 after_total=3
    | DefectDojo import verified: 8 report(s) into proof/security-platform / ci/proof/branch-a
PROOF: P-RUN1 PASS committed dd-verify body exited 0 on the run-1 results
PROOF: P-CONTEXT PASS product type exactly named 'CI': 1 found
PROOF: P-CONTEXT PASS product exactly named 'proof/security-platform': 1 found
PROOF: P-CONTEXT PASS product 1 is under product type 'CI' (id 2), found prod_type 2
PROOF: P-CONTEXT PASS engagement exactly named 'ci/proof/branch-a' in product 1: 1 found
PROOF: P-CONTEXT PASS every attempted import reported product 1 / engagement 1
PROOF: P-TESTS PASS engagement 1 holds 8 Test(s); 8 report file(s) were attempted
PROOF: P-TESTS PASS attempted files ['checkov-results.json', 'gitleaks-results.json', 'npm-audit-1.json', 'pip-audit-1.json', 'semgrep-results.json', 'tflint.sarif', 'trivy-fs.json', 'trivy-image.json'] == present known report files ['checkov-results.json', 'gitleaks-results.json', 'npm-audit-1.json', 'pip-audit-1.json', 'semgrep-results.json', 'tflint.sarif', 'trivy-fs.json', 'trivy-image.json']
PROOF: P-TESTS PASS no present report file was skipped
PROOF: P-TESTS PASS semgrep-results.json: test 1 title='semgrep' scan_type='Semgrep JSON Report'; expected 'semgrep' / 'Semgrep JSON Report'
PROOF: P-TESTS PASS checkov-results.json: test 2 title='checkov' scan_type='Checkov Scan'; expected 'checkov' / 'Checkov Scan'
PROOF: P-TESTS PASS trivy-fs.json: test 3 title='trivy-fs' scan_type='Trivy Scan'; expected 'trivy-fs' / 'Trivy Scan'
PROOF: P-TESTS PASS trivy-image.json: test 4 title='trivy-image' scan_type='Trivy Scan'; expected 'trivy-image' / 'Trivy Scan'
PROOF: P-TESTS PASS gitleaks-results.json: test 5 title='gitleaks' scan_type='Gitleaks Scan'; expected 'gitleaks' / 'Gitleaks Scan'
PROOF: P-TESTS PASS npm-audit-1.json: test 6 title='npm-audit-1' scan_type='NPM Audit v7+ Scan'; expected 'npm-audit-1' / 'NPM Audit v7+ Scan'
PROOF: P-TESTS PASS pip-audit-1.json: test 7 title='pip-audit-1' scan_type='pip-audit Scan'; expected 'pip-audit-1' / 'pip-audit Scan'
PROOF: P-TESTS PASS tflint.sarif: test 8 title='tflint' scan_type='SARIF'; expected 'tflint' / 'SARIF'
    file                       raw   imported(after)  findings-api  rule
    semgrep-results.json           7                 7             7  bounded
PROOF: P-COUNTS PASS semgrep-results.json: statistics.after.total.total 7 == findings?test=1 count 7
PROOF: P-COUNTS PASS semgrep-results.json: 1 <= imported 7 <= raw 7 (bounded: parser merges entries)
    checkov-results.json          14                14            14  exact
PROOF: P-COUNTS PASS checkov-results.json: statistics.after.total.total 14 == findings?test=2 count 14
PROOF: P-COUNTS PASS checkov-results.json: imported 14 == raw 14 (exact: parser does not merge)
    trivy-fs.json                  6                 6             6  exact
PROOF: P-COUNTS PASS trivy-fs.json: statistics.after.total.total 6 == findings?test=3 count 6
PROOF: P-COUNTS PASS trivy-fs.json: imported 6 == raw 6 (exact: parser does not merge)
    trivy-image.json              59                59            59  exact
PROOF: P-COUNTS PASS trivy-image.json: statistics.after.total.total 59 == findings?test=4 count 59
PROOF: P-COUNTS PASS trivy-image.json: imported 59 == raw 59 (exact: parser does not merge)
    gitleaks-results.json         18                18            18  bounded
PROOF: P-COUNTS PASS gitleaks-results.json: statistics.after.total.total 18 == findings?test=5 count 18
PROOF: P-COUNTS PASS gitleaks-results.json: 1 <= imported 18 <= raw 18 (bounded: parser merges entries)
    npm-audit-1.json               8                 2             2  bounded
PROOF: P-COUNTS PASS npm-audit-1.json: statistics.after.total.total 2 == findings?test=6 count 2
PROOF: P-COUNTS PASS npm-audit-1.json: 1 <= imported 2 <= raw 8 (bounded: parser merges entries)
    pip-audit-1.json              47                47            47  exact
PROOF: P-COUNTS PASS pip-audit-1.json: statistics.after.total.total 47 == findings?test=7 count 47
PROOF: P-COUNTS PASS pip-audit-1.json: imported 47 == raw 47 (exact: parser does not merge)
    tflint.sarif                   3                 3             3  bounded
PROOF: P-COUNTS PASS tflint.sarif: statistics.after.total.total 3 == findings?test=8 count 3
PROOF: P-COUNTS PASS tflint.sarif: 1 <= imported 3 <= raw 3 (bounded: parser merges entries)

=== run 2: reimport the same reports into ci/proof/branch-a ===
    | TLS mode: verified-ca
    | product=proof/security-platform product_type=CI engagement=ci/proof/branch-a
    | IMPORTED: semgrep-results.json scan_type=Semgrep JSON Report test=semgrep http=201 test_id=1 after_total=7
    | IMPORTED: checkov-results.json scan_type=Checkov Scan test=checkov http=201 test_id=2 after_total=14
    | IMPORTED: trivy-fs.json scan_type=Trivy Scan test=trivy-fs http=201 test_id=3 after_total=6
    | IMPORTED: trivy-image.json scan_type=Trivy Scan test=trivy-image http=201 test_id=4 after_total=59
    | IMPORTED: gitleaks-results.json scan_type=Gitleaks Scan test=gitleaks http=201 test_id=5 after_total=18
    | IMPORTED: npm-audit-1.json scan_type=NPM Audit v7+ Scan test=npm-audit-1 http=201 test_id=6 after_total=2
    | IMPORTED: pip-audit-1.json scan_type=pip-audit Scan test=pip-audit-1 http=201 test_id=7 after_total=47
    | IMPORTED: tflint.sarif scan_type=SARIF test=tflint http=201 test_id=8 after_total=3
    | attempted=8 skipped=0 failed=0
    | OK   semgrep-results.json test=semgrep http=201 test_id=1 after_total=7
    | OK   checkov-results.json test=checkov http=201 test_id=2 after_total=14
    | OK   trivy-fs.json test=trivy-fs http=201 test_id=3 after_total=6
    | OK   trivy-image.json test=trivy-image http=201 test_id=4 after_total=59
    | OK   gitleaks-results.json test=gitleaks http=201 test_id=5 after_total=18
    | OK   npm-audit-1.json test=npm-audit-1 http=201 test_id=6 after_total=2
    | OK   pip-audit-1.json test=pip-audit-1 http=201 test_id=7 after_total=47
    | OK   tflint.sarif test=tflint http=201 test_id=8 after_total=3
    | DefectDojo import verified: 8 report(s) into proof/security-platform / ci/proof/branch-a
PROOF: P-RUN2 PASS committed dd-import (run 2) and dd-verify bodies exited 0
PROOF: P-RUN2 PASS run 2 attempted ['checkov-results.json', 'gitleaks-results.json', 'npm-audit-1.json', 'pip-audit-1.json', 'semgrep-results.json', 'tflint.sarif', 'trivy-fs.json', 'trivy-image.json'] == run 1 files ['checkov-results.json', 'gitleaks-results.json', 'npm-audit-1.json', 'pip-audit-1.json', 'semgrep-results.json', 'tflint.sarif', 'trivy-fs.json', 'trivy-image.json']
    file                       test(run1) test(run2)  after(run1) after(run2)  delta.created
    semgrep-results.json                1          1            7           7              0
PROOF: P-RUN2 PASS semgrep-results.json: delta.created.total.total 0 == 0
PROOF: P-RUN2 PASS semgrep-results.json: after.total.total 7 == run-1 7
PROOF: P-RUN2 PASS semgrep-results.json: test_id 1 == run-1 test_id 1 (reimported in place)
    checkov-results.json                2          2           14          14              0
PROOF: P-RUN2 PASS checkov-results.json: delta.created.total.total 0 == 0
PROOF: P-RUN2 PASS checkov-results.json: after.total.total 14 == run-1 14
PROOF: P-RUN2 PASS checkov-results.json: test_id 2 == run-1 test_id 2 (reimported in place)
    trivy-fs.json                       3          3            6           6              0
PROOF: P-RUN2 PASS trivy-fs.json: delta.created.total.total 0 == 0
PROOF: P-RUN2 PASS trivy-fs.json: after.total.total 6 == run-1 6
PROOF: P-RUN2 PASS trivy-fs.json: test_id 3 == run-1 test_id 3 (reimported in place)
    trivy-image.json                    4          4           59          59              0
PROOF: P-RUN2 PASS trivy-image.json: delta.created.total.total 0 == 0
PROOF: P-RUN2 PASS trivy-image.json: after.total.total 59 == run-1 59
PROOF: P-RUN2 PASS trivy-image.json: test_id 4 == run-1 test_id 4 (reimported in place)
    gitleaks-results.json               5          5           18          18              0
PROOF: P-RUN2 PASS gitleaks-results.json: delta.created.total.total 0 == 0
PROOF: P-RUN2 PASS gitleaks-results.json: after.total.total 18 == run-1 18
PROOF: P-RUN2 PASS gitleaks-results.json: test_id 5 == run-1 test_id 5 (reimported in place)
    npm-audit-1.json                    6          6            2           2              0
PROOF: P-RUN2 PASS npm-audit-1.json: delta.created.total.total 0 == 0
PROOF: P-RUN2 PASS npm-audit-1.json: after.total.total 2 == run-1 2
PROOF: P-RUN2 PASS npm-audit-1.json: test_id 6 == run-1 test_id 6 (reimported in place)
    pip-audit-1.json                    7          7           47          47              0
PROOF: P-RUN2 PASS pip-audit-1.json: delta.created.total.total 0 == 0
PROOF: P-RUN2 PASS pip-audit-1.json: after.total.total 47 == run-1 47
PROOF: P-RUN2 PASS pip-audit-1.json: test_id 7 == run-1 test_id 7 (reimported in place)
    tflint.sarif                        8          8            3           3              0
PROOF: P-RUN2 PASS tflint.sarif: delta.created.total.total 0 == 0
PROOF: P-RUN2 PASS tflint.sarif: after.total.total 3 == run-1 3
PROOF: P-RUN2 PASS tflint.sarif: test_id 8 == run-1 test_id 8 (reimported in place)
PROOF: P-RUN2 PASS engagement 'ci/proof/branch-a': 1 match(es), Test count 8 == run-1 8

=== schedule event: branch from GITHUB_REF_NAME ===
    | TLS mode: verified-ca
    | product=proof/security-platform product_type=CI engagement=ci/main
    | SKIP: semgrep-results.json not in artifacts — report missing
    | SKIP: checkov-results.json not in artifacts — report missing
    | SKIP: trivy-fs.json not in artifacts — report missing
    | SKIP: trivy-image.json not in artifacts — no Dockerfile in this repository
    | IMPORTED: gitleaks-results.json scan_type=Gitleaks Scan test=gitleaks http=201 test_id=9 after_total=18
    | SKIP: npm-audit-*.json not in artifacts — no package-lock.json in this repository
    | SKIP: pip-audit-*.json not in artifacts — no requirements file in this repository
    | SKIP: tflint.sarif not in artifacts — no Terraform in this repository
    | attempted=1 skipped=7 failed=0
PROOF: P-SCHEDULE PASS schedule event, empty head ref, GITHUB_REF_NAME=main -> exit 0 and engagement 'ci/main' exists in proof/security-platform (1 Test)

=== hostile head ref ===
    | TLS mode: verified-ca
    | product=proof/security-platform product_type=CI engagement=ci/@dd-proof/$(touch pwned)
    | SKIP: semgrep-results.json not in artifacts — report missing
    | SKIP: checkov-results.json not in artifacts — report missing
    | SKIP: trivy-fs.json not in artifacts — report missing
    | SKIP: trivy-image.json not in artifacts — no Dockerfile in this repository
    | IMPORTED: gitleaks-results.json scan_type=Gitleaks Scan test=gitleaks http=201 test_id=10 after_total=18
    | SKIP: npm-audit-*.json not in artifacts — no package-lock.json in this repository
    | SKIP: pip-audit-*.json not in artifacts — no requirements file in this repository
    | SKIP: tflint.sarif not in artifacts — no Terraform in this repository
    | attempted=1 skipped=7 failed=0
PROOF: P-HOSTILE PASS import with the hostile head ref exited 0
PROOF: P-HOSTILE PASS exactly one engagement named literally 'ci/@dd-proof/$(touch pwned)' exists in proof/security-platform
PROOF: P-HOSTILE PASS no file named pwned in the body's cwd, /home/runner/work/security-platform/security-platform or anywhere under $DD_SMOKE_OUT: the $( ) never ran

=== same hostile engagement name in proof/other-product ===
    | TLS mode: verified-ca
    | product=proof/other-product product_type=CI engagement=ci/@dd-proof/$(touch pwned)
    | SKIP: semgrep-results.json not in artifacts — report missing
    | SKIP: checkov-results.json not in artifacts — report missing
    | SKIP: trivy-fs.json not in artifacts — report missing
    | SKIP: trivy-image.json not in artifacts — no Dockerfile in this repository
    | IMPORTED: gitleaks-results.json scan_type=Gitleaks Scan test=gitleaks http=201 test_id=11 after_total=18
    | SKIP: npm-audit-*.json not in artifacts — no package-lock.json in this repository
    | SKIP: pip-audit-*.json not in artifacts — no requirements file in this repository
    | SKIP: tflint.sarif not in artifacts — no Terraform in this repository
    | attempted=1 skipped=7 failed=0
PROOF: P-SCOPE PASS an engagement with the identical hostile name exists in proof/other-product too

=== cleanup: delete ci/<hostile ref> in proof/security-platform only ===
    | TLS mode: verified-ca
    | product='proof/security-platform' target='ci/@dd-proof/$(touch pwned)' default_branch='main'
    | DELETED: engagement id=3 name='ci/@dd-proof/$(touch pwned)' product=1
PROOF: P-CLEANUP PASS committed dd-delete body exited 0 with outcome deleted, as ci-importer
PROOF: P-CLEANUP PASS the hostile engagement is gone from proof/security-platform
PROOF: P-CLEANUP PASS the same-named engagement in proof/other-product still exists (product-scoped delete)
PROOF: P-CLEANUP PASS ci/proof/branch-a still exists with its run-2 Test count 8
PROOF: P-CLEANUP PASS ci/main still exists
    | DefectDojo cleanup verified: outcome=deleted target=ci/@dd-proof/$(touch pwned) product=proof/security-platform product_id=1 deleted_ids=[3]
PROOF: P-CLEANUP PASS committed dd-cleanup-verify body exited 0 on the deleted result

=== cleanup refusals ===
    | REFUSE: head ref 'main' is empty or the default branch — nothing deleted
PROOF: P-REFUSE PASS head ref 'main' (default-branch) -> exit 0, outcome refused, REFUSE: line
    | REFUSE: head ref '' is empty or the default branch — nothing deleted
PROOF: P-REFUSE PASS head ref '' (empty-head) -> exit 0, outcome refused, REFUSE: line
PROOF: P-REFUSE PASS ci/main still exists after both refusals

=== cleanup of a branch that never existed ===
    | TLS mode: verified-ca
    | product='proof/security-platform' target='ci/never/existed' default_branch='main'
    | NOTHING TO DELETE: no engagement 'ci/never/existed' in product 1
PROOF: P-NOMATCH PASS head ref 'never/existed' -> exit 0, outcome nothing-to-delete, instance engagement count 3 -> 3

=== insecure-TLS warning, no request ===
    | ::warning::DefectDojo TLS verification is OFF (DEFECTDOJO_INSECURE=true) — this run's findings were sent over an unverified connection
    | TLS mode: insecure
    | product=proof/security-platform product_type=CI engagement=ci/proof/branch-a
    | SKIP: semgrep-results.json not in artifacts — report missing
    | SKIP: checkov-results.json not in artifacts — report missing
    | SKIP: trivy-fs.json not in artifacts — report missing
    | SKIP: trivy-image.json not in artifacts — no Dockerfile in this repository
    | SKIP: gitleaks-results.json not in artifacts — report missing
    | SKIP: npm-audit-*.json not in artifacts — no package-lock.json in this repository
    | SKIP: pip-audit-*.json not in artifacts — no requirements file in this repository
    | SKIP: tflint.sarif not in artifacts — no Terraform in this repository
    | attempted=0 skipped=8 failed=0
PROOF: P-INSECURE PASS DD_INSECURE=true -> ::warning:: line printed, exit 0, insecure attempted=0 skipped=8: no request was made

=== non-https DEFECTDOJO_URL is refused before any request (P-HTTP) ===
    | FAILED: DEFECTDOJO_URL must be https:// — refusing to send the API token over 'http'
PROOF: P-HTTP PASS import-http: DD_URL=http://127.0.0.1:9 -> exit 1, refused before the TLS label, no request, no results file, token absent
    | FAILED: DEFECTDOJO_URL must be https:// — refusing to send the API token over '(no scheme)'
PROOF: P-HTTP PASS import-noscheme: DD_URL=127.0.0.1:9 -> exit 1, refused before the TLS label, no request, no results file, token absent
    | FAILED: DEFECTDOJO_URL must be https:// — refusing to send the API token over 'http'
PROOF: P-HTTP PASS delete-http: DD_URL=http://127.0.0.1:9 -> exit 1, refused before the TLS label, no request, no results file, token absent

=== defectdojo-configure.sh refuses a non-https URL and fails its preflight guards offline (P-HTTP, P-CONFIGURE-GUARD) ===
    | FAILED: DEFECTDOJO_URL must be https:// — refusing to send the admin token over 'http'
PROOF: P-HTTP PASS configure-http: DEFECTDOJO_URL=http://127.0.0.1:9 -> exit 1, refused before the token file is read, no request, token absent
    | FAILED: DEFECTDOJO_URL must be https:// — refusing to send the admin token over '(no scheme)'
PROOF: P-HTTP PASS configure-noscheme: DEFECTDOJO_URL=127.0.0.1:9 -> exit 1, refused before the token file is read, no request, token absent
    | FATAL: DEFECTDOJO_ADMIN_TOKEN_FILE is not set (see the usage lines at the top of this script)
PROOF: P-CONFIGURE-GUARD PASS configure-no-env: empty DEFECTDOJO_ADMIN_TOKEN_FILE -> exit 2, FATAL names the variable, no request
    | FATAL: DEFECTDOJO_ADMIN_TOKEN_FILE '/tmp/tmp.fzIptsmo1O/proof/configure-dummy-loose.token' is readable by group or other (mode 644); chmod 600 it
    | DefectDojo host: 127.0.0.1
PROOF: P-CONFIGURE-GUARD PASS configure-loose-perms: 0644 token file -> exit 2, FATAL names the path, no request, token absent

=== ambient curlrc is ignored; unverified peer refused before any request (P-CURLRC) ===
PROOF: P-CURLRC PASS control: no -q curl read the hostile curlrc and reached the listener (REQUEST auth=yes; trace and libcurl files written)
    | DefectDojo host: defectdojo.curlrc.test
    | FAILED: GET /api/v2/system_settings/: curl exit 60, http 000, TLS verification result 18 (must be 0): SSL certificate problem: self-signed certificate
PROOF: P-CURLRC PASS configure: exit 1, unverified peer refused before any request, curlrc ignored, token absent, no trace/libcurl file (listener CONNECT=1 HANDSHAKE-FAIL=1 HANDSHAKE-OK=0 REQUEST=0)
    | ==> PREREQ-PRODUCT: FAIL - GET /api/v2/products/?name_exact=p-curlrc&limit=250&offset=0: curl exit 60, http 000, TLS verification result 18 (must be 0): SSL certificate problem: self-signed certificate
    |
    | === Summary ===
    | SKIPPED - 1 sub-check(s) did not run. A SKIP IS NOT A PASS:
    |   - the remaining snapshot assertions: not evaluated, they depend on PREREQ-PRODUCT
    |
    | FAILED - one or more live checks did not produce the expected result:
    |   - PREREQ-PRODUCT: GET /api/v2/products/?name_exact=p-curlrc&limit=250&offset=0: curl exit 60, http 000, TLS verification result 18 (must be 0): SSL certificate problem: self-signed certificate
PROOF: P-CURLRC PASS lifecycle: exit 1, unverified peer refused before any request, curlrc ignored, token absent, no trace/libcurl file (listener CONNECT=1 HANDSHAKE-FAIL=1 HANDSHAKE-OK=0 REQUEST=0)
    | === defectdojo-homelab-validate: https://127.0.0.1:42177 + https://127.0.0.1:42177 (context p-curlrc-no-such-context, namespace p-curlrc, app argocd/p-curlrc, sync pass first) ===
    |
    | --- 1. TLS on both hostnames (system trust store) ---
    | ==> HOMELAB-TLS-INFRA: FAIL - GET https://127.0.0.1:42177/login: curl exit 60, http 000, TLS verification result 18 (must be 0; curl exit 60 = certificate did not verify against the system trust store): SSL certificate problem: self-signed certificate
    | ==> HOMELAB-TLS-HOME: FAIL - GET https://127.0.0.1:42177/login: curl exit 60, http 000, TLS verification result 18 (must be 0; curl exit 60 = certificate did not verify against the system trust store): SSL certificate problem: self-signed certificate
    |
    | --- 2. admin login with a browser-equivalent Origin, on both hostnames ---
    | ==> HOMELAB-LOGIN-ORIGIN-INFRA: FAIL - no admin password to log in with: kubectl exited 1 reading Secret p-curlrc/defectdojo: error: context "p-curlrc-no-such-context" does not exist
    | ==> HOMELAB-LOGIN-ORIGIN-HOME: FAIL - no admin password to log in with: kubectl exited 1 reading Secret p-curlrc/defectdojo: error: context "p-curlrc-no-such-context" does not exist
    |
    | --- 3. negative control: foreign Origin must be refused ---
    | ==> HOMELAB-CSRF-FOREIGN-403: FAIL - GET https://127.0.0.1:42177/login for the CSRF token: curl exit 60, http 000, TLS verification result 18 (must be 0): SSL certificate problem: self-signed certificate
    |
    | --- 4. Celery broker round-trip ---
    | ==> HOMELAB-CELERY-PING: FAIL - celery -A dojo inspect ping exited 1 without pong (broker unreachable or worker not replying): error: context "p-curlrc-no-such-context" does not exist
    |
    | --- 5. Argo CD: initializer hook phase and Application status ---
    | ==> ARGOCD-HOOK-PHASE: FAIL - kubectl exited 1 reading Application argocd/p-curlrc on context p-curlrc-no-such-context: error: context "p-curlrc-no-such-context" does not exist
    |
    | --- 6. measuring state (initializer and ServiceAccount UIDs, revision, counts) ---
    | ==> HOMELAB-API-TLS: FAIL - GET /api/v2/products/?limit=1: curl exit 60, http 000, TLS verification result 18 (must be 0): SSL certificate problem: self-signed certificate
    |     measurement gap: job/defectdojo-initializer uid: kubectl exit 1: error: context "p-curlrc-no-such-context" does not exist
    |     measurement gap: sa/defectdojo uid: kubectl exit 1: error: context "p-curlrc-no-such-context" does not exist
    |     measurement gap: app_revision: Application argocd/p-curlrc was not read (see ARGOCD-HOOK-PHASE)
    |     measurement gap: GET /api/v2/products/?limit=1: transport failure (see HOMELAB-API-TLS)
    |     measurement gap: GET /api/v2/findings/?limit=1: not attempted after HOMELAB-API-TLS (the token is not sent to the same peer again)
    |     state written to /tmp/tmp.fzIptsmo1O/proof/curlrc-homelab-state.json
    |     WARNING: 5 value(s) in the state file are null (see measurement gaps above); a second-sync run compared against it cannot assert them
    |
    | --- 7. second-sync idempotency ---
    |     SKIPPED - --sync-pass first
    |
    |
    | === Summary ===
    | SKIPPED - 1 sub-check(s) did not run. A SKIP IS NOT A PASS:
    |   - SECOND-SYNC-IDEMPOTENT: not evaluated on a --sync-pass first run; re-run this gate with --sync-pass second --pre-state <file> --token-file <file> after the second Argo CD sync of the same revision
    |
    | FAILED - one or more live checks did not produce the expected result:
    |   - HOMELAB-TLS-INFRA: GET https://127.0.0.1:42177/login: curl exit 60, http 000, TLS verification result 18 (must be 0; curl exit 60 = certificate did not verify against the system trust store): SSL certificate problem: self-signed certificate
    |   - HOMELAB-TLS-HOME: GET https://127.0.0.1:42177/login: curl exit 60, http 000, TLS verification result 18 (must be 0; curl exit 60 = certificate did not verify against the system trust store): SSL certificate problem: self-signed certificate
    |   - HOMELAB-LOGIN-ORIGIN-INFRA: no admin password to log in with: kubectl exited 1 reading Secret p-curlrc/defectdojo: error: context "p-curlrc-no-such-context" does not exist
    |   - HOMELAB-LOGIN-ORIGIN-HOME: no admin password to log in with: kubectl exited 1 reading Secret p-curlrc/defectdojo: error: context "p-curlrc-no-such-context" does not exist
    |   - HOMELAB-CSRF-FOREIGN-403: GET https://127.0.0.1:42177/login for the CSRF token: curl exit 60, http 000, TLS verification result 18 (must be 0): SSL certificate problem: self-signed certificate
    |   - HOMELAB-CELERY-PING: celery -A dojo inspect ping exited 1 without pong (broker unreachable or worker not replying): error: context "p-curlrc-no-such-context" does not exist
    |   - ARGOCD-HOOK-PHASE: kubectl exited 1 reading Application argocd/p-curlrc on context p-curlrc-no-such-context: error: context "p-curlrc-no-such-context" does not exist
    |   - HOMELAB-API-TLS: GET /api/v2/products/?limit=1: curl exit 60, http 000, TLS verification result 18 (must be 0): SSL certificate problem: self-signed certificate
PROOF: P-CURLRC PASS homelab-tls-probe: exit 1, unverified peer refused before any request, curlrc ignored, token absent, no trace/libcurl file (listener CONNECT=6 HANDSHAKE-FAIL=4 HANDSHAKE-OK=2 REQUEST=0)
PROOF: P-CURLRC PASS homelab-token-get: the measure_count token GET was refused on TLS verification before any request (listener CONNECT=6 HANDSHAKE-FAIL=4 HANDSHAKE-OK=2 REQUEST=0)
    | TLS mode: verified-system
    | product=proof/security-platform product_type=CI engagement=ci/proof/branch-a
    | FAILED: semgrep-results.json: curl exit 60, http 000, TLS verification result 18 (must be 0): SSL certificate problem: self-signed certificate
    | STOPPED: no further report is sent after a transport or TLS failure
    | attempted=1 skipped=0 failed=1
PROOF: P-CURLRC PASS dd-import: exit 1, unverified peer refused before any request, curlrc ignored, token absent, no trace/libcurl file (listener CONNECT=1 HANDSHAKE-FAIL=1 HANDSHAKE-OK=0 REQUEST=0)
    | TLS mode: verified-system
    | product='proof/security-platform' target='ci/proof/branch-a' default_branch='main'
    | FAILED: GET /api/v2/products/?name_exact=proof%2Fsecurity-platform&limit=100: curl exit 60, http 000, TLS verification result 18 (must be 0): SSL certificate problem: self-signed certificate
PROOF: P-CURLRC PASS dd-delete: exit 1, unverified peer refused before any request, curlrc ignored, token absent, no trace/libcurl file (listener CONNECT=1 HANDSHAKE-FAIL=1 HANDSHAKE-OK=0 REQUEST=0)

=== token-file and DEFECTDOJO_RESOLVE preflight guards send nothing (P-CONFIGURE-GUARD, P-RESOLVE-GUARD, P-TOKEN-GUARD) ===
    | FATAL: DEFECTDOJO_ADMIN_TOKEN_FILE '/tmp/tmp.fzIptsmo1O/proof/guard-configure-token-dir.token' is not a regular file
    | DefectDojo host: defectdojo.curlrc.test
PROOF: P-CONFIGURE-GUARD PASS configure-token-dir: the token path is a directory -> exit 2, refused before any request, 0 CONNECT, token absent (listener CONNECT=0 HANDSHAKE-FAIL=0 HANDSHAKE-OK=0 REQUEST=0)
    | FATAL: DEFECTDOJO_ADMIN_TOKEN_FILE '/tmp/tmp.fzIptsmo1O/proof/guard-configure-token-mode000.token' cannot be read: Permission denied
    | DefectDojo host: defectdojo.curlrc.test
PROOF: P-CONFIGURE-GUARD PASS configure-token-mode000: a mode-000 token file -> exit 2, refused before any request, 0 CONNECT, token absent (listener CONNECT=0 HANDSHAKE-FAIL=0 HANDSHAKE-OK=0 REQUEST=0)
    | FATAL: DEFECTDOJO_ADMIN_TOKEN_FILE '/tmp/tmp.fzIptsmo1O/proof/guard-configure-token-multiline.token' must hold one bare DefectDojo API token: 40 lowercase hex characters on one line, no 'Token ' prefix
    | DefectDojo host: defectdojo.curlrc.test
PROOF: P-CONFIGURE-GUARD PASS configure-token-multiline: a two-line token file (40-hex, then 'X-Other: 1') -> exit 2, refused before any request, 0 CONNECT, token absent (listener CONNECT=0 HANDSHAKE-FAIL=0 HANDSHAKE-OK=0 REQUEST=0)
    | FATAL: DEFECTDOJO_ADMIN_TOKEN_FILE '/tmp/tmp.fzIptsmo1O/proof/guard-configure-token-prefix.token' must hold one bare DefectDojo API token: 40 lowercase hex characters on one line, no 'Token ' prefix
    | DefectDojo host: defectdojo.curlrc.test
PROOF: P-CONFIGURE-GUARD PASS configure-token-prefix: a 'Token '-prefixed token file -> exit 2, refused before any request, 0 CONNECT, token absent (listener CONNECT=0 HANDSHAKE-FAIL=0 HANDSHAKE-OK=0 REQUEST=0)
    | FATAL: DEFECTDOJO_ADMIN_TOKEN_FILE '/tmp/tmp.fzIptsmo1O/proof/guard-configure-token-blanklines.token' must hold one bare DefectDojo API token: 40 lowercase hex characters on one line, no 'Token ' prefix
    | DefectDojo host: defectdojo.curlrc.test
PROOF: P-CONFIGURE-GUARD PASS configure-token-blanklines: a token file with four trailing LF (regression guard for the WR-01 review gap) -> exit 2, refused before any request, 0 CONNECT, token absent (listener CONNECT=0 HANDSHAKE-FAIL=0 HANDSHAKE-OK=0 REQUEST=0)
    | FATAL: DEFECTDOJO_ADMIN_TOKEN_FILE '/tmp/tmp.fzIptsmo1O/proof/guard-configure-token-barecr.token' must hold one bare DefectDojo API token: 40 lowercase hex characters on one line, no 'Token ' prefix
    | DefectDojo host: defectdojo.curlrc.test
PROOF: P-CONFIGURE-GUARD PASS configure-token-barecr: a token file ending in a bare CR (regression guard) -> exit 2, refused before any request, 0 CONNECT, token absent (listener CONNECT=0 HANDSHAKE-FAIL=0 HANDSHAKE-OK=0 REQUEST=0)
    | FATAL: DEFECTDOJO_ADMIN_TOKEN_FILE '/tmp/tmp.fzIptsmo1O/proof/guard-configure-token-nul.token' must hold one bare DefectDojo API token: 40 lowercase hex characters on one line, no 'Token ' prefix
    | DefectDojo host: defectdojo.curlrc.test
PROOF: P-CONFIGURE-GUARD PASS configure-token-nul: a token file with a NUL byte after the token (regression guard) -> exit 2, refused before any request, 0 CONNECT, token absent (listener CONNECT=0 HANDSHAKE-FAIL=0 HANDSHAKE-OK=0 REQUEST=0)
    | DefectDojo host: defectdojo.curlrc.test
    | FAILED: GET /api/v2/system_settings/: curl exit 60, http 000, TLS verification result 18 (must be 0): SSL certificate problem: self-signed certificate
PROOF: P-TOKEN-ACCEPT PASS configure-token-lf: a token file ending in exactly one LF -> accepted past the token check, refused at TLS, 0 REQUEST, token absent (listener CONNECT=1 HANDSHAKE-FAIL=1 HANDSHAKE-OK=0 REQUEST=0)
    | DefectDojo host: defectdojo.curlrc.test
    | FAILED: GET /api/v2/system_settings/: curl exit 60, http 000, TLS verification result 18 (must be 0): SSL certificate problem: self-signed certificate
PROOF: P-TOKEN-ACCEPT PASS configure-token-crlf: a token file ending in exactly one CRLF -> accepted past the token check, refused at TLS, 0 REQUEST, token absent (listener CONNECT=1 HANDSHAKE-FAIL=1 HANDSHAKE-OK=0 REQUEST=0)
    | FATAL: DEFECTDOJO_RESOLVE must be host:port:IPv4 with the host and port of DEFECTDOJO_URL (a test hook; leave it unset)
PROOF: P-RESOLVE-GUARD PASS configure-resolve-host: DEFECTDOJO_RESOLVE host differs from DEFECTDOJO_URL -> exit 2, refused before any request, 0 CONNECT, token absent (listener CONNECT=0 HANDSHAKE-FAIL=0 HANDSHAKE-OK=0 REQUEST=0)
    | FATAL: DEFECTDOJO_RESOLVE must be host:port:IPv4 with the host and port of DEFECTDOJO_URL (a test hook; leave it unset)
PROOF: P-RESOLVE-GUARD PASS configure-resolve-wildcard: a wildcard DEFECTDOJO_RESOLVE -> exit 2, refused before any request, 0 CONNECT, token absent (listener CONNECT=0 HANDSHAKE-FAIL=0 HANDSHAKE-OK=0 REQUEST=0)
    | ERROR: DEFECTDOJO_ADMIN_TOKEN_FILE must hold one bare DefectDojo API token: 40 lowercase hex characters on one line, no 'Token ' prefix
PROOF: P-TOKEN-GUARD PASS lifecycle-token-multiline: a two-line token file (two 40-hex lines, the WR-02 join gap) -> exit 2, refused before any request, 0 CONNECT, token absent (listener CONNECT=0 HANDSHAKE-FAIL=0 HANDSHAKE-OK=0 REQUEST=0)
    | ERROR: DEFECTDOJO_ADMIN_TOKEN_FILE must hold one bare DefectDojo API token: 40 lowercase hex characters on one line, no 'Token ' prefix
PROOF: P-TOKEN-GUARD PASS lifecycle-token-prefix: a 'Token '-prefixed token file (regression guard: refused before 29.2) -> exit 2, refused before any request, 0 CONNECT, token absent (listener CONNECT=0 HANDSHAKE-FAIL=0 HANDSHAKE-OK=0 REQUEST=0)
    | ERROR: DEFECTDOJO_ADMIN_TOKEN_FILE is not a readable file
PROOF: P-TOKEN-GUARD PASS lifecycle-token-dir: the token path is a directory (regression guard: refused before 29.2) -> exit 2, refused before any request, 0 CONNECT, token absent (listener CONNECT=0 HANDSHAKE-FAIL=0 HANDSHAKE-OK=0 REQUEST=0)
    | ERROR: DEFECTDOJO_ADMIN_TOKEN_FILE must hold one bare DefectDojo API token: 40 lowercase hex characters on one line, no 'Token ' prefix
PROOF: P-TOKEN-GUARD PASS lifecycle-token-blanklines: a token file with four trailing LF (the WR-01 review gap) -> exit 2, refused before any request, 0 CONNECT, token absent (listener CONNECT=0 HANDSHAKE-FAIL=0 HANDSHAKE-OK=0 REQUEST=0)
    | ERROR: DEFECTDOJO_ADMIN_TOKEN_FILE must hold one bare DefectDojo API token: 40 lowercase hex characters on one line, no 'Token ' prefix
PROOF: P-TOKEN-GUARD PASS lifecycle-token-barecr: a token file ending in a bare CR -> exit 2, refused before any request, 0 CONNECT, token absent (listener CONNECT=0 HANDSHAKE-FAIL=0 HANDSHAKE-OK=0 REQUEST=0)
    | ERROR: DEFECTDOJO_ADMIN_TOKEN_FILE must hold one bare DefectDojo API token: 40 lowercase hex characters on one line, no 'Token ' prefix
PROOF: P-TOKEN-GUARD PASS lifecycle-token-nul: a token file with a NUL byte after the token -> exit 2, refused before any request, 0 CONNECT, token absent (listener CONNECT=0 HANDSHAKE-FAIL=0 HANDSHAKE-OK=0 REQUEST=0)
    | ==> PREREQ-PRODUCT: FAIL - GET /api/v2/products/?name_exact=p-curlrc&limit=250&offset=0: curl exit 60, http 000, TLS verification result 18 (must be 0): SSL certificate problem: self-signed certificate
    |
    | === Summary ===
    | SKIPPED - 1 sub-check(s) did not run. A SKIP IS NOT A PASS:
    |   - the remaining snapshot assertions: not evaluated, they depend on PREREQ-PRODUCT
    |
    | FAILED - one or more live checks did not produce the expected result:
    |   - PREREQ-PRODUCT: GET /api/v2/products/?name_exact=p-curlrc&limit=250&offset=0: curl exit 60, http 000, TLS verification result 18 (must be 0): SSL certificate problem: self-signed certificate
PROOF: P-TOKEN-ACCEPT PASS lifecycle-token-lf: a token file ending in exactly one LF -> accepted past the token check, refused at TLS, 0 REQUEST, token absent (listener CONNECT=1 HANDSHAKE-FAIL=1 HANDSHAKE-OK=0 REQUEST=0)
    | ==> PREREQ-PRODUCT: FAIL - GET /api/v2/products/?name_exact=p-curlrc&limit=250&offset=0: curl exit 60, http 000, TLS verification result 18 (must be 0): SSL certificate problem: self-signed certificate
    |
    | === Summary ===
    | SKIPPED - 1 sub-check(s) did not run. A SKIP IS NOT A PASS:
    |   - the remaining snapshot assertions: not evaluated, they depend on PREREQ-PRODUCT
    |
    | FAILED - one or more live checks did not produce the expected result:
    |   - PREREQ-PRODUCT: GET /api/v2/products/?name_exact=p-curlrc&limit=250&offset=0: curl exit 60, http 000, TLS verification result 18 (must be 0): SSL certificate problem: self-signed certificate
PROOF: P-TOKEN-ACCEPT PASS lifecycle-token-crlf: a token file ending in exactly one CRLF -> accepted past the token check, refused at TLS, 0 REQUEST, token absent (listener CONNECT=1 HANDSHAKE-FAIL=1 HANDSHAKE-OK=0 REQUEST=0)
    | ERROR: DEFECTDOJO_RESOLVE must be host:port:IPv4 with the host and port of DEFECTDOJO_URL (a test hook; leave it unset)
PROOF: P-RESOLVE-GUARD PASS lifecycle-resolve-host: DEFECTDOJO_RESOLVE host differs from DEFECTDOJO_URL -> exit 2, refused before any request, 0 CONNECT, token absent (listener CONNECT=0 HANDSHAKE-FAIL=0 HANDSHAKE-OK=0 REQUEST=0)
    | ERROR: DEFECTDOJO_RESOLVE must be host:port:IPv4 with the host and port of DEFECTDOJO_URL (a test hook; leave it unset)
PROOF: P-RESOLVE-GUARD PASS lifecycle-resolve-wildcard: a wildcard DEFECTDOJO_RESOLVE -> exit 2, refused before any request, 0 CONNECT, token absent (listener CONNECT=0 HANDSHAKE-FAIL=0 HANDSHAKE-OK=0 REQUEST=0)
    | ERROR: --token-file '/tmp/tmp.fzIptsmo1O/proof/guard-homelab-token-multiline.token' must hold one bare DefectDojo API token: 40 lowercase hex characters on one line, no 'Token ' prefix
    | Usage: bash scripts/defectdojo-homelab-validate.sh --url <URL> --alt-url <URL> --context <kube-context> --namespace <ns> --app <name> --sync-pass <first|second> [options]
    |
    | Required (there are NO defaults for these — the gate refuses to guess):
    |   --url <https://host>         Primary public URL of DefectDojo (checks named *-INFRA).
    |   --alt-url <https://host>     Alternative public URL (DD_SITE_URL alternative host,
    |                                checks named *-HOME). Both must start with https://.
    |   --context <kube-context>     kubeconfig context every kubectl call is pinned to.
    |                                KUBECONFIG is honoured from the environment.
    |   --namespace <ns>             Namespace DefectDojo is deployed in.
    |   --app <name>                 Argo CD Application name.
    |   --sync-pass <first|second>   Which Argo CD sync this run follows. `second`
    |                                evaluates SECOND-SYNC-IDEMPOTENT and needs
    |                                --pre-state and --token-file.
    |
    | Optional:
    |   --write-state <file>         Write the measured state (initializer and
    |                                ServiceAccount UIDs, Application revision, product
    |                                and finding counts) as JSON to <file>.
    |   --pre-state <file>           State file written by an earlier run with
    |                                --write-state (required with --sync-pass second).
    |   --token-file <file>          File holding a DefectDojo API v2 token; used only
    |                                for the product/finding counts (required with
    |                                --sync-pass second).
    |   --argocd-namespace <ns>      Namespace Argo CD runs in (default: argocd)
    |   -h, --help                   Print this help and exit 0
    |
    | Exit codes: 0 all checks that ran passed (or NOTHING RAN), 1 a check failed or
    | a hard-tier binary is missing, 2 usage or preflight error.
PROOF: P-TOKEN-GUARD PASS homelab-token-multiline: a two-line token file (two 40-hex lines, the WR-02 join gap) -> exit 2, refused before any request, 0 CONNECT, token absent (listener CONNECT=0 HANDSHAKE-FAIL=0 HANDSHAKE-OK=0 REQUEST=0)
    | ERROR: --token-file '/tmp/tmp.fzIptsmo1O/proof/guard-homelab-token-prefix.token' must hold one bare DefectDojo API token: 40 lowercase hex characters on one line, no 'Token ' prefix
    | Usage: bash scripts/defectdojo-homelab-validate.sh --url <URL> --alt-url <URL> --context <kube-context> --namespace <ns> --app <name> --sync-pass <first|second> [options]
    |
    | Required (there are NO defaults for these — the gate refuses to guess):
    |   --url <https://host>         Primary public URL of DefectDojo (checks named *-INFRA).
    |   --alt-url <https://host>     Alternative public URL (DD_SITE_URL alternative host,
    |                                checks named *-HOME). Both must start with https://.
    |   --context <kube-context>     kubeconfig context every kubectl call is pinned to.
    |                                KUBECONFIG is honoured from the environment.
    |   --namespace <ns>             Namespace DefectDojo is deployed in.
    |   --app <name>                 Argo CD Application name.
    |   --sync-pass <first|second>   Which Argo CD sync this run follows. `second`
    |                                evaluates SECOND-SYNC-IDEMPOTENT and needs
    |                                --pre-state and --token-file.
    |
    | Optional:
    |   --write-state <file>         Write the measured state (initializer and
    |                                ServiceAccount UIDs, Application revision, product
    |                                and finding counts) as JSON to <file>.
    |   --pre-state <file>           State file written by an earlier run with
    |                                --write-state (required with --sync-pass second).
    |   --token-file <file>          File holding a DefectDojo API v2 token; used only
    |                                for the product/finding counts (required with
    |                                --sync-pass second).
    |   --argocd-namespace <ns>      Namespace Argo CD runs in (default: argocd)
    |   -h, --help                   Print this help and exit 0
    |
    | Exit codes: 0 all checks that ran passed (or NOTHING RAN), 1 a check failed or
    | a hard-tier binary is missing, 2 usage or preflight error.
PROOF: P-TOKEN-GUARD PASS homelab-token-prefix: a 'Token '-prefixed token file -> exit 2, refused before any request, 0 CONNECT, token absent (listener CONNECT=0 HANDSHAKE-FAIL=0 HANDSHAKE-OK=0 REQUEST=0)
    | ERROR: --token-file '/tmp/tmp.fzIptsmo1O/proof/guard-homelab-token-dir.token' does not exist or is not a readable regular file
    | Usage: bash scripts/defectdojo-homelab-validate.sh --url <URL> --alt-url <URL> --context <kube-context> --namespace <ns> --app <name> --sync-pass <first|second> [options]
    |
    | Required (there are NO defaults for these — the gate refuses to guess):
    |   --url <https://host>         Primary public URL of DefectDojo (checks named *-INFRA).
    |   --alt-url <https://host>     Alternative public URL (DD_SITE_URL alternative host,
    |                                checks named *-HOME). Both must start with https://.
    |   --context <kube-context>     kubeconfig context every kubectl call is pinned to.
    |                                KUBECONFIG is honoured from the environment.
    |   --namespace <ns>             Namespace DefectDojo is deployed in.
    |   --app <name>                 Argo CD Application name.
    |   --sync-pass <first|second>   Which Argo CD sync this run follows. `second`
    |                                evaluates SECOND-SYNC-IDEMPOTENT and needs
    |                                --pre-state and --token-file.
    |
    | Optional:
    |   --write-state <file>         Write the measured state (initializer and
    |                                ServiceAccount UIDs, Application revision, product
    |                                and finding counts) as JSON to <file>.
    |   --pre-state <file>           State file written by an earlier run with
    |                                --write-state (required with --sync-pass second).
    |   --token-file <file>          File holding a DefectDojo API v2 token; used only
    |                                for the product/finding counts (required with
    |                                --sync-pass second).
    |   --argocd-namespace <ns>      Namespace Argo CD runs in (default: argocd)
    |   -h, --help                   Print this help and exit 0
    |
    | Exit codes: 0 all checks that ran passed (or NOTHING RAN), 1 a check failed or
    | a hard-tier binary is missing, 2 usage or preflight error.
PROOF: P-TOKEN-GUARD PASS homelab-token-dir: the --token-file path is a directory -> exit 2, refused before any request, 0 CONNECT, token absent (listener CONNECT=0 HANDSHAKE-FAIL=0 HANDSHAKE-OK=0 REQUEST=0)
    | ERROR: --token-file '/tmp/tmp.fzIptsmo1O/proof/guard-homelab-token-blanklines.token' must hold one bare DefectDojo API token: 40 lowercase hex characters on one line, no 'Token ' prefix
    | Usage: bash scripts/defectdojo-homelab-validate.sh --url <URL> --alt-url <URL> --context <kube-context> --namespace <ns> --app <name> --sync-pass <first|second> [options]
    |
    | Required (there are NO defaults for these — the gate refuses to guess):
    |   --url <https://host>         Primary public URL of DefectDojo (checks named *-INFRA).
    |   --alt-url <https://host>     Alternative public URL (DD_SITE_URL alternative host,
    |                                checks named *-HOME). Both must start with https://.
    |   --context <kube-context>     kubeconfig context every kubectl call is pinned to.
    |                                KUBECONFIG is honoured from the environment.
    |   --namespace <ns>             Namespace DefectDojo is deployed in.
    |   --app <name>                 Argo CD Application name.
    |   --sync-pass <first|second>   Which Argo CD sync this run follows. `second`
    |                                evaluates SECOND-SYNC-IDEMPOTENT and needs
    |                                --pre-state and --token-file.
    |
    | Optional:
    |   --write-state <file>         Write the measured state (initializer and
    |                                ServiceAccount UIDs, Application revision, product
    |                                and finding counts) as JSON to <file>.
    |   --pre-state <file>           State file written by an earlier run with
    |                                --write-state (required with --sync-pass second).
    |   --token-file <file>          File holding a DefectDojo API v2 token; used only
    |                                for the product/finding counts (required with
    |                                --sync-pass second).
    |   --argocd-namespace <ns>      Namespace Argo CD runs in (default: argocd)
    |   -h, --help                   Print this help and exit 0
    |
    | Exit codes: 0 all checks that ran passed (or NOTHING RAN), 1 a check failed or
    | a hard-tier binary is missing, 2 usage or preflight error.
PROOF: P-TOKEN-GUARD PASS homelab-token-blanklines: a token file with four trailing LF (the WR-01 review gap) -> exit 2, refused before any request, 0 CONNECT, token absent (listener CONNECT=0 HANDSHAKE-FAIL=0 HANDSHAKE-OK=0 REQUEST=0)
    | ERROR: --token-file '/tmp/tmp.fzIptsmo1O/proof/guard-homelab-token-barecr.token' must hold one bare DefectDojo API token: 40 lowercase hex characters on one line, no 'Token ' prefix
    | Usage: bash scripts/defectdojo-homelab-validate.sh --url <URL> --alt-url <URL> --context <kube-context> --namespace <ns> --app <name> --sync-pass <first|second> [options]
    |
    | Required (there are NO defaults for these — the gate refuses to guess):
    |   --url <https://host>         Primary public URL of DefectDojo (checks named *-INFRA).
    |   --alt-url <https://host>     Alternative public URL (DD_SITE_URL alternative host,
    |                                checks named *-HOME). Both must start with https://.
    |   --context <kube-context>     kubeconfig context every kubectl call is pinned to.
    |                                KUBECONFIG is honoured from the environment.
    |   --namespace <ns>             Namespace DefectDojo is deployed in.
    |   --app <name>                 Argo CD Application name.
    |   --sync-pass <first|second>   Which Argo CD sync this run follows. `second`
    |                                evaluates SECOND-SYNC-IDEMPOTENT and needs
    |                                --pre-state and --token-file.
    |
    | Optional:
    |   --write-state <file>         Write the measured state (initializer and
    |                                ServiceAccount UIDs, Application revision, product
    |                                and finding counts) as JSON to <file>.
    |   --pre-state <file>           State file written by an earlier run with
    |                                --write-state (required with --sync-pass second).
    |   --token-file <file>          File holding a DefectDojo API v2 token; used only
    |                                for the product/finding counts (required with
    |                                --sync-pass second).
    |   --argocd-namespace <ns>      Namespace Argo CD runs in (default: argocd)
    |   -h, --help                   Print this help and exit 0
    |
    | Exit codes: 0 all checks that ran passed (or NOTHING RAN), 1 a check failed or
    | a hard-tier binary is missing, 2 usage or preflight error.
PROOF: P-TOKEN-GUARD PASS homelab-token-barecr: a token file ending in a bare CR -> exit 2, refused before any request, 0 CONNECT, token absent (listener CONNECT=0 HANDSHAKE-FAIL=0 HANDSHAKE-OK=0 REQUEST=0)
    | ERROR: --token-file '/tmp/tmp.fzIptsmo1O/proof/guard-homelab-token-nul.token' must hold one bare DefectDojo API token: 40 lowercase hex characters on one line, no 'Token ' prefix
    | Usage: bash scripts/defectdojo-homelab-validate.sh --url <URL> --alt-url <URL> --context <kube-context> --namespace <ns> --app <name> --sync-pass <first|second> [options]
    |
    | Required (there are NO defaults for these — the gate refuses to guess):
    |   --url <https://host>         Primary public URL of DefectDojo (checks named *-INFRA).
    |   --alt-url <https://host>     Alternative public URL (DD_SITE_URL alternative host,
    |                                checks named *-HOME). Both must start with https://.
    |   --context <kube-context>     kubeconfig context every kubectl call is pinned to.
    |                                KUBECONFIG is honoured from the environment.
    |   --namespace <ns>             Namespace DefectDojo is deployed in.
    |   --app <name>                 Argo CD Application name.
    |   --sync-pass <first|second>   Which Argo CD sync this run follows. `second`
    |                                evaluates SECOND-SYNC-IDEMPOTENT and needs
    |                                --pre-state and --token-file.
    |
    | Optional:
    |   --write-state <file>         Write the measured state (initializer and
    |                                ServiceAccount UIDs, Application revision, product
    |                                and finding counts) as JSON to <file>.
    |   --pre-state <file>           State file written by an earlier run with
    |                                --write-state (required with --sync-pass second).
    |   --token-file <file>          File holding a DefectDojo API v2 token; used only
    |                                for the product/finding counts (required with
    |                                --sync-pass second).
    |   --argocd-namespace <ns>      Namespace Argo CD runs in (default: argocd)
    |   -h, --help                   Print this help and exit 0
    |
    | Exit codes: 0 all checks that ran passed (or NOTHING RAN), 1 a check failed or
    | a hard-tier binary is missing, 2 usage or preflight error.
PROOF: P-TOKEN-GUARD PASS homelab-token-nul: a token file with a NUL byte after the token -> exit 2, refused before any request, 0 CONNECT, token absent (listener CONNECT=0 HANDSHAKE-FAIL=0 HANDSHAKE-OK=0 REQUEST=0)
    | === defectdojo-homelab-validate: https://127.0.0.1:42177 + https://127.0.0.1:42177 (context p-curlrc-no-such-context, namespace p-curlrc, app argocd/p-curlrc, sync pass first) ===
    |
    | --- 1. TLS on both hostnames (system trust store) ---
    | ==> HOMELAB-TLS-INFRA: FAIL - GET https://127.0.0.1:42177/login: curl exit 60, http 000, TLS verification result 18 (must be 0; curl exit 60 = certificate did not verify against the system trust store): SSL certificate problem: self-signed certificate
    | ==> HOMELAB-TLS-HOME: FAIL - GET https://127.0.0.1:42177/login: curl exit 60, http 000, TLS verification result 18 (must be 0; curl exit 60 = certificate did not verify against the system trust store): SSL certificate problem: self-signed certificate
    |
    | --- 2. admin login with a browser-equivalent Origin, on both hostnames ---
    | ==> HOMELAB-LOGIN-ORIGIN-INFRA: FAIL - no admin password to log in with: kubectl exited 1 reading Secret p-curlrc/defectdojo: error: context "p-curlrc-no-such-context" does not exist
    | ==> HOMELAB-LOGIN-ORIGIN-HOME: FAIL - no admin password to log in with: kubectl exited 1 reading Secret p-curlrc/defectdojo: error: context "p-curlrc-no-such-context" does not exist
    |
    | --- 3. negative control: foreign Origin must be refused ---
    | ==> HOMELAB-CSRF-FOREIGN-403: FAIL - GET https://127.0.0.1:42177/login for the CSRF token: curl exit 60, http 000, TLS verification result 18 (must be 0): SSL certificate problem: self-signed certificate
    |
    | --- 4. Celery broker round-trip ---
    | ==> HOMELAB-CELERY-PING: FAIL - celery -A dojo inspect ping exited 1 without pong (broker unreachable or worker not replying): error: context "p-curlrc-no-such-context" does not exist
    |
    | --- 5. Argo CD: initializer hook phase and Application status ---
    | ==> ARGOCD-HOOK-PHASE: FAIL - kubectl exited 1 reading Application argocd/p-curlrc on context p-curlrc-no-such-context: error: context "p-curlrc-no-such-context" does not exist
    |
    | --- 6. measuring state (initializer and ServiceAccount UIDs, revision, counts) ---
    | ==> HOMELAB-API-TLS: FAIL - GET /api/v2/products/?limit=1: curl exit 60, http 000, TLS verification result 18 (must be 0): SSL certificate problem: self-signed certificate
    |     measurement gap: job/defectdojo-initializer uid: kubectl exit 1: error: context "p-curlrc-no-such-context" does not exist
    |     measurement gap: sa/defectdojo uid: kubectl exit 1: error: context "p-curlrc-no-such-context" does not exist
    |     measurement gap: app_revision: Application argocd/p-curlrc was not read (see ARGOCD-HOOK-PHASE)
    |     measurement gap: GET /api/v2/products/?limit=1: transport failure (see HOMELAB-API-TLS)
    |     measurement gap: GET /api/v2/findings/?limit=1: not attempted after HOMELAB-API-TLS (the token is not sent to the same peer again)
    |     state written to /tmp/tmp.fzIptsmo1O/proof/guard-homelab-token-lf-state.json
    |     WARNING: 5 value(s) in the state file are null (see measurement gaps above); a second-sync run compared against it cannot assert them
    |
    | --- 7. second-sync idempotency ---
    |     SKIPPED - --sync-pass first
    |
    |
    | === Summary ===
    | SKIPPED - 1 sub-check(s) did not run. A SKIP IS NOT A PASS:
    |   - SECOND-SYNC-IDEMPOTENT: not evaluated on a --sync-pass first run; re-run this gate with --sync-pass second --pre-state <file> --token-file <file> after the second Argo CD sync of the same revision
    |
    | FAILED - one or more live checks did not produce the expected result:
    |   - HOMELAB-TLS-INFRA: GET https://127.0.0.1:42177/login: curl exit 60, http 000, TLS verification result 18 (must be 0; curl exit 60 = certificate did not verify against the system trust store): SSL certificate problem: self-signed certificate
    |   - HOMELAB-TLS-HOME: GET https://127.0.0.1:42177/login: curl exit 60, http 000, TLS verification result 18 (must be 0; curl exit 60 = certificate did not verify against the system trust store): SSL certificate problem: self-signed certificate
    |   - HOMELAB-LOGIN-ORIGIN-INFRA: no admin password to log in with: kubectl exited 1 reading Secret p-curlrc/defectdojo: error: context "p-curlrc-no-such-context" does not exist
    |   - HOMELAB-LOGIN-ORIGIN-HOME: no admin password to log in with: kubectl exited 1 reading Secret p-curlrc/defectdojo: error: context "p-curlrc-no-such-context" does not exist
    |   - HOMELAB-CSRF-FOREIGN-403: GET https://127.0.0.1:42177/login for the CSRF token: curl exit 60, http 000, TLS verification result 18 (must be 0): SSL certificate problem: self-signed certificate
    |   - HOMELAB-CELERY-PING: celery -A dojo inspect ping exited 1 without pong (broker unreachable or worker not replying): error: context "p-curlrc-no-such-context" does not exist
    |   - ARGOCD-HOOK-PHASE: kubectl exited 1 reading Application argocd/p-curlrc on context p-curlrc-no-such-context: error: context "p-curlrc-no-such-context" does not exist
    |   - HOMELAB-API-TLS: GET /api/v2/products/?limit=1: curl exit 60, http 000, TLS verification result 18 (must be 0): SSL certificate problem: self-signed certificate
PROOF: P-TOKEN-ACCEPT PASS homelab-token-lf: a token file ending in exactly one LF -> accepted past the token check, refused at TLS, 0 REQUEST, token absent (listener CONNECT=6 HANDSHAKE-FAIL=4 HANDSHAKE-OK=2 REQUEST=0)
    | === defectdojo-homelab-validate: https://127.0.0.1:42177 + https://127.0.0.1:42177 (context p-curlrc-no-such-context, namespace p-curlrc, app argocd/p-curlrc, sync pass first) ===
    |
    | --- 1. TLS on both hostnames (system trust store) ---
    | ==> HOMELAB-TLS-INFRA: FAIL - GET https://127.0.0.1:42177/login: curl exit 60, http 000, TLS verification result 18 (must be 0; curl exit 60 = certificate did not verify against the system trust store): SSL certificate problem: self-signed certificate
    | ==> HOMELAB-TLS-HOME: FAIL - GET https://127.0.0.1:42177/login: curl exit 60, http 000, TLS verification result 18 (must be 0; curl exit 60 = certificate did not verify against the system trust store): SSL certificate problem: self-signed certificate
    |
    | --- 2. admin login with a browser-equivalent Origin, on both hostnames ---
    | ==> HOMELAB-LOGIN-ORIGIN-INFRA: FAIL - no admin password to log in with: kubectl exited 1 reading Secret p-curlrc/defectdojo: error: context "p-curlrc-no-such-context" does not exist
    | ==> HOMELAB-LOGIN-ORIGIN-HOME: FAIL - no admin password to log in with: kubectl exited 1 reading Secret p-curlrc/defectdojo: error: context "p-curlrc-no-such-context" does not exist
    |
    | --- 3. negative control: foreign Origin must be refused ---
    | ==> HOMELAB-CSRF-FOREIGN-403: FAIL - GET https://127.0.0.1:42177/login for the CSRF token: curl exit 60, http 000, TLS verification result 18 (must be 0): SSL certificate problem: self-signed certificate
    |
    | --- 4. Celery broker round-trip ---
    | ==> HOMELAB-CELERY-PING: FAIL - celery -A dojo inspect ping exited 1 without pong (broker unreachable or worker not replying): error: context "p-curlrc-no-such-context" does not exist
    |
    | --- 5. Argo CD: initializer hook phase and Application status ---
    | ==> ARGOCD-HOOK-PHASE: FAIL - kubectl exited 1 reading Application argocd/p-curlrc on context p-curlrc-no-such-context: error: context "p-curlrc-no-such-context" does not exist
    |
    | --- 6. measuring state (initializer and ServiceAccount UIDs, revision, counts) ---
    | ==> HOMELAB-API-TLS: FAIL - GET /api/v2/products/?limit=1: curl exit 60, http 000, TLS verification result 18 (must be 0): SSL certificate problem: self-signed certificate
    |     measurement gap: job/defectdojo-initializer uid: kubectl exit 1: error: context "p-curlrc-no-such-context" does not exist
    |     measurement gap: sa/defectdojo uid: kubectl exit 1: error: context "p-curlrc-no-such-context" does not exist
    |     measurement gap: app_revision: Application argocd/p-curlrc was not read (see ARGOCD-HOOK-PHASE)
    |     measurement gap: GET /api/v2/products/?limit=1: transport failure (see HOMELAB-API-TLS)
    |     measurement gap: GET /api/v2/findings/?limit=1: not attempted after HOMELAB-API-TLS (the token is not sent to the same peer again)
    |     state written to /tmp/tmp.fzIptsmo1O/proof/guard-homelab-token-crlf-state.json
    |     WARNING: 5 value(s) in the state file are null (see measurement gaps above); a second-sync run compared against it cannot assert them
    |
    | --- 7. second-sync idempotency ---
    |     SKIPPED - --sync-pass first
    |
    |
    | === Summary ===
    | SKIPPED - 1 sub-check(s) did not run. A SKIP IS NOT A PASS:
    |   - SECOND-SYNC-IDEMPOTENT: not evaluated on a --sync-pass first run; re-run this gate with --sync-pass second --pre-state <file> --token-file <file> after the second Argo CD sync of the same revision
    |
    | FAILED - one or more live checks did not produce the expected result:
    |   - HOMELAB-TLS-INFRA: GET https://127.0.0.1:42177/login: curl exit 60, http 000, TLS verification result 18 (must be 0; curl exit 60 = certificate did not verify against the system trust store): SSL certificate problem: self-signed certificate
    |   - HOMELAB-TLS-HOME: GET https://127.0.0.1:42177/login: curl exit 60, http 000, TLS verification result 18 (must be 0; curl exit 60 = certificate did not verify against the system trust store): SSL certificate problem: self-signed certificate
    |   - HOMELAB-LOGIN-ORIGIN-INFRA: no admin password to log in with: kubectl exited 1 reading Secret p-curlrc/defectdojo: error: context "p-curlrc-no-such-context" does not exist
    |   - HOMELAB-LOGIN-ORIGIN-HOME: no admin password to log in with: kubectl exited 1 reading Secret p-curlrc/defectdojo: error: context "p-curlrc-no-such-context" does not exist
    |   - HOMELAB-CSRF-FOREIGN-403: GET https://127.0.0.1:42177/login for the CSRF token: curl exit 60, http 000, TLS verification result 18 (must be 0): SSL certificate problem: self-signed certificate
    |   - HOMELAB-CELERY-PING: celery -A dojo inspect ping exited 1 without pong (broker unreachable or worker not replying): error: context "p-curlrc-no-such-context" does not exist
    |   - ARGOCD-HOOK-PHASE: kubectl exited 1 reading Application argocd/p-curlrc on context p-curlrc-no-such-context: error: context "p-curlrc-no-such-context" does not exist
    |   - HOMELAB-API-TLS: GET /api/v2/products/?limit=1: curl exit 60, http 000, TLS verification result 18 (must be 0): SSL certificate problem: self-signed certificate
PROOF: P-TOKEN-ACCEPT PASS homelab-token-crlf: a token file ending in exactly one CRLF -> accepted past the token check, refused at TLS, 0 REQUEST, token absent (listener CONNECT=6 HANDSHAKE-FAIL=4 HANDSHAKE-OK=2 REQUEST=0)
    | FAILED: DEFECTDOJO_RESOLVE must be host:port:IPv4 with the host and port of DEFECTDOJO_URL (test hook; leave it unset)
PROOF: P-RESOLVE-GUARD PASS dd-import-resolve-host: DEFECTDOJO_RESOLVE host differs from DD_URL -> exit 2, refused before any request, 0 CONNECT, token absent (listener CONNECT=0 HANDSHAKE-FAIL=0 HANDSHAKE-OK=0 REQUEST=0)
    | FAILED: DEFECTDOJO_RESOLVE must be host:port:IPv4 with the host and port of DEFECTDOJO_URL (test hook; leave it unset)
PROOF: P-RESOLVE-GUARD PASS dd-delete-resolve-host: DEFECTDOJO_RESOLVE host differs from DD_URL -> exit 2, refused before any request, 0 CONNECT, token absent (listener CONNECT=0 HANDSHAKE-FAIL=0 HANDSHAKE-OK=0 REQUEST=0)

=== Phase 28: dedup and triage (fresh products) ===

=== bootstrap: scripts/defectdojo-configure.sh with the admin token (P-CONFIGURE) ===
    before: {"enable_deduplication":false,"delete_duplicates":false,"false_positive_history":false,"retroactive_false_positive_history":false,"risk_acceptance_form_default_days":180,"enable_finding_sla":true}
    | DefectDojo host: defectdojo.smoke.test
    | CHANGED: enable_deduplication, risk_acceptance_form_default_days
    | VERIFIED: all 5 settings match
PROOF: P-CONFIGURE PASS run 1 on the fresh install -> exit 0, CHANGED: names enable_deduplication, VERIFIED: printed
    after:  {"enable_deduplication":true,"delete_duplicates":false,"false_positive_history":false,"retroactive_false_positive_history":false,"risk_acceptance_form_default_days":90,"enable_finding_sla":true}
PROOF: P-CONFIGURE PASS read-back: enable_deduplication=true, delete_duplicates=false, both false-positive-history flags false, risk_acceptance_form_default_days=90
PROOF: P-CONFIGURE PASS enable_finding_sla unchanged by the bootstrap (true -> true, D-21)
PROOF: P-CONFIGURE PASS the admin token string does not appear in the run-1 log

=== bootstrap rerun changes nothing (P-IDEMPOTENT) ===
    | DefectDojo host: defectdojo.smoke.test
    | NO CHANGE: all 5 settings already match (enable_deduplication, delete_duplicates, false_positive_history, retroactive_false_positive_history, risk_acceptance_form_default_days)
PROOF: P-IDEMPOTENT PASS run 2 -> exit 0, NO CHANGE, no CHANGED: line, System Settings byte-identical (jq -S) before and after

=== ci-importer dedup execution mode: async_wait (P-DEDUP-MODE) ===
    ci-importer (id 2) has 0 contact-info row(s): POST deduplication_execution_mode=async_wait
PROOF: P-DEDUP-MODE PASS POST -> 201; read-back: ci-importer's contact-info row 1 has deduplication_execution_mode=async_wait (harness only; security.yml unchanged)

=== branch-engagement dedup with a unique delta (P-DEDUP-BRANCH) ===
    delta: removed CVE-2020-8203 lodash 4.17.15 (HIGH, 'fixtures/package-lock.json') from the ci/main copy of trivy-fs.json
    import dedup-main: proof/dedup / ci/main (schedule) from reports-main-trimmed
    | TLS mode: verified-ca
    | product=proof/dedup product_type=CI engagement=ci/main
    | IMPORTED: semgrep-results.json scan_type=Semgrep JSON Report test=semgrep http=201 test_id=12 after_total=7
    | IMPORTED: checkov-results.json scan_type=Checkov Scan test=checkov http=201 test_id=13 after_total=14
    | IMPORTED: trivy-fs.json scan_type=Trivy Scan test=trivy-fs http=201 test_id=14 after_total=5
    | IMPORTED: trivy-image.json scan_type=Trivy Scan test=trivy-image http=201 test_id=15 after_total=59
    | IMPORTED: gitleaks-results.json scan_type=Gitleaks Scan test=gitleaks http=201 test_id=16 after_total=18
    | IMPORTED: npm-audit-1.json scan_type=NPM Audit v7+ Scan test=npm-audit-1 http=201 test_id=17 after_total=2
    | IMPORTED: pip-audit-1.json scan_type=pip-audit Scan test=pip-audit-1 http=201 test_id=18 after_total=47
    | IMPORTED: tflint.sarif scan_type=SARIF test=tflint http=201 test_id=19 after_total=3
    | attempted=8 skipped=0 failed=0
    import dedup-pr: proof/dedup / ci/proof/pr-delta (pull_request) from dd-reports
    | TLS mode: verified-ca
    | product=proof/dedup product_type=CI engagement=ci/proof/pr-delta
    | IMPORTED: semgrep-results.json scan_type=Semgrep JSON Report test=semgrep http=201 test_id=20 after_total=7
    | IMPORTED: checkov-results.json scan_type=Checkov Scan test=checkov http=201 test_id=21 after_total=14
    | IMPORTED: trivy-fs.json scan_type=Trivy Scan test=trivy-fs http=201 test_id=22 after_total=6
    | IMPORTED: trivy-image.json scan_type=Trivy Scan test=trivy-image http=201 test_id=23 after_total=59
    | IMPORTED: gitleaks-results.json scan_type=Gitleaks Scan test=gitleaks http=201 test_id=24 after_total=18
    | IMPORTED: npm-audit-1.json scan_type=NPM Audit v7+ Scan test=npm-audit-1 http=201 test_id=25 after_total=2
    | IMPORTED: pip-audit-1.json scan_type=pip-audit Scan test=pip-audit-1 http=201 test_id=26 after_total=47
    | IMPORTED: tflint.sarif scan_type=SARIF test=tflint http=201 test_id=27 after_total=3
    | attempted=8 skipped=0 failed=0
    dedup settled after 8 s: 155 duplicate of 156 findings in proof/dedup / ci/proof/pr-delta (unchanged across two snapshots 5 s apart)
    counts: PR total 156, PR duplicates 155, main total 155, main duplicates 23
PROOF: P-DEDUP-BRANCH PASS ci/proof/pr-delta holds 156 findings (at least 10, non-vacuous)
PROOF: P-DEDUP-BRANCH PASS exactly one PR finding is non-duplicate and it is the active delta CVE-2020-8203 lodash 4.17.15: 1 non-duplicate (#387 Trivy Scan 'CVE-2020-8203 Lodash 4.17.15' dup=False active=True dup_of=None)
PROOF: P-DEDUP-BRANCH PASS every other PR finding (155) is duplicate=true, active=false, with its original in ci/main
PROOF: P-DEDUP-BRANCH PASS no ci/main finding has its original in the PR engagement (the older default-branch finding stays the original)

=== cross-tool SCA gap in ci/main (P-CROSSTOOL) ===
PROOF: P-CROSSTOOL PASS ci/main holds findings of every SCA parser (Trivy Scan=64, pip-audit Scan=47, NPM Audit v7+ Scan=2)
PROOF: P-CROSSTOOL PASS packages reported by both Trivy and pip-audit (non-vacuous gap): ['requests']
PROOF: P-CROSSTOOL PASS 23 duplicate link(s) touch an SCA finding in ci/main; 0 cross scan types
CROSSTOOL: scan_type='Trivy Scan' findings=64 with_vulnerability_ids=64 with_component_version=64 sample_components=['bsdutils', 'gzip', 'libacl1']
CROSSTOOL: scan_type='pip-audit Scan' findings=47 with_vulnerability_ids=47 with_component_version=47 sample_components=['idna', 'jinja2', 'requests']
CROSSTOOL: scan_type='NPM Audit v7+ Scan' findings=2 with_vulnerability_ids=0 with_component_version=0 sample_components=['node_modules/lodash', 'node_modules/minimist']
CROSSTOOL: package=requests trivy_ids=['CVE-2018-18074'] pip_audit_ids=['PYSEC-2018-28', 'PYSEC-2023-74', 'PYSEC-2026-1872', 'PYSEC-2026-1873', 'PYSEC-2026-2275'] shared=[]

=== dispositions survive two default-branch reimports (P-DISPOSITION) ===
        trivy-fs Test 14: 5 findings, 5 eligible (active, non-duplicate, undispositioned, unique title, no ci/main duplicate of it)
        FP: #232 'CVE-2021-23337 Lodash 4.17.15'
        OOS: #233 'CVE-2026-4800 Lodash 4.17.15'
        RA: #234 'NSWG-ECO-516 Lodash 4.17.15'
    selected: FP_ID=232 OOS_ID=233 RA_ID=234
    RA owner: admin (id 1); expiration_date 2026-12-29T00:00:00Z
    fp: PATCH /api/v2/findings/232/ -> 200
    oos: PATCH /api/v2/findings/233/ -> 200
    ra: POST /api/v2/risk_acceptance/ -> 201
PROOF: P-DISPOSITION PASS before any reimport: FP #232 reads false_p=True active=False (false_p=True out_of_scope=False risk_accepted=False active=False is_mitigated=True)
PROOF: P-DISPOSITION PASS before any reimport: OOS #233 reads out_of_scope=True active=False (false_p=False out_of_scope=True risk_accepted=False active=False is_mitigated=True)
PROOF: P-DISPOSITION PASS before any reimport: RA #234 reads risk_accepted=True active=False (false_p=False out_of_scope=False risk_accepted=True active=False is_mitigated=False)
    import disp-reimport-1: proof/dedup / ci/main (schedule) from reports-main-trimmed
    | TLS mode: verified-ca
    | product=proof/dedup product_type=CI engagement=ci/main
    | IMPORTED: semgrep-results.json scan_type=Semgrep JSON Report test=semgrep http=201 test_id=12 after_total=7
    | IMPORTED: checkov-results.json scan_type=Checkov Scan test=checkov http=201 test_id=13 after_total=14
    | IMPORTED: trivy-fs.json scan_type=Trivy Scan test=trivy-fs http=201 test_id=14 after_total=5
    | IMPORTED: trivy-image.json scan_type=Trivy Scan test=trivy-image http=201 test_id=15 after_total=59
    | IMPORTED: gitleaks-results.json scan_type=Gitleaks Scan test=gitleaks http=201 test_id=16 after_total=18
    | IMPORTED: npm-audit-1.json scan_type=NPM Audit v7+ Scan test=npm-audit-1 http=201 test_id=17 after_total=2
    | IMPORTED: pip-audit-1.json scan_type=pip-audit Scan test=pip-audit-1 http=201 test_id=18 after_total=47
    | IMPORTED: tflint.sarif scan_type=SARIF test=tflint http=201 test_id=19 after_total=3
    | attempted=8 skipped=0 failed=0
PROOF: P-DISPOSITION PASS reimport 1 of ci/main from the trimmed reports -> exit 0, Test count unchanged at 8 (in-place reimport)
PROOF: P-DISPOSITION PASS after reimport 1: FP #232 is false_p=True out_of_scope=False risk_accepted=False active=False is_mitigated=True (expected false_p=True out_of_scope=False risk_accepted=False active=False is_mitigated=True), mitigated=2026-09-30T20:46:07.209157Z
PROOF: P-DISPOSITION PASS after reimport 1: OOS #233 is false_p=False out_of_scope=True risk_accepted=False active=False is_mitigated=True (expected false_p=False out_of_scope=True risk_accepted=False active=False is_mitigated=True), mitigated=2026-09-30T20:46:07.556226Z
PROOF: P-DISPOSITION PASS after reimport 1: RA #234 is false_p=False out_of_scope=False risk_accepted=True active=False is_mitigated=False (expected false_p=False out_of_scope=False risk_accepted=True active=False is_mitigated=False), mitigated=None
    reimport 1 trivy-fs statistics.delta: {"closed": {"critical": {"active": 0, "duplicate": 0, "false_p": 0, "is_mitigated": 0, "out_of_scope": 0, "risk_accepted": 0, "total": 0, "verified": 0}, "high": {"active": 0, "duplicate": 0, "false_p": 0, "is_mitigated": 0, "out_of_scope": 0, "risk_accepted": 0, "total": 0, "verified": 0}, "info": {"active": 0, "duplicate": 0, "false_p": 0, "is_mitigated": 0, "out_of_scope": 0, "risk_accepted": 0, "total": 0, "verified": 0}, "low": {"active": 0, "duplicate": 0, "false_p": 0, "is_mitigated": 0, "out_of_scope": 0, "risk_accepted": 0, "total": 0, "verified": 0}, "medium": {"active": 0, "duplicate": 0, "false_p": 0, "is_mitigated": 0, "out_of_scope": 0, "risk_accepted": 0, "total": 0, "verified": 0}, "total": {"active": 0, "duplicate": 0, "false_p": 0, "is_mitigated": 0, "out_of_scope": 0, "r
PROOF: P-DISPOSITION PASS reimport 1: trivy-fs statistics.delta.reactivated.total = 0 (expected 0)
    import disp-reimport-2: proof/dedup / ci/main (schedule) from reports-main-trimmed
    | TLS mode: verified-ca
    | product=proof/dedup product_type=CI engagement=ci/main
    | IMPORTED: semgrep-results.json scan_type=Semgrep JSON Report test=semgrep http=201 test_id=12 after_total=7
    | IMPORTED: checkov-results.json scan_type=Checkov Scan test=checkov http=201 test_id=13 after_total=14
    | IMPORTED: trivy-fs.json scan_type=Trivy Scan test=trivy-fs http=201 test_id=14 after_total=5
    | IMPORTED: trivy-image.json scan_type=Trivy Scan test=trivy-image http=201 test_id=15 after_total=59
    | IMPORTED: gitleaks-results.json scan_type=Gitleaks Scan test=gitleaks http=201 test_id=16 after_total=18
    | IMPORTED: npm-audit-1.json scan_type=NPM Audit v7+ Scan test=npm-audit-1 http=201 test_id=17 after_total=2
    | IMPORTED: pip-audit-1.json scan_type=pip-audit Scan test=pip-audit-1 http=201 test_id=18 after_total=47
    | IMPORTED: tflint.sarif scan_type=SARIF test=tflint http=201 test_id=19 after_total=3
    | attempted=8 skipped=0 failed=0
PROOF: P-DISPOSITION PASS reimport 2 of ci/main from the trimmed reports -> exit 0, Test count unchanged at 8 (in-place reimport)
PROOF: P-DISPOSITION PASS after reimport 2: FP #232 is false_p=True out_of_scope=False risk_accepted=False active=False is_mitigated=True (expected false_p=True out_of_scope=False risk_accepted=False active=False is_mitigated=True), mitigated=2026-09-30T20:46:07.209157Z
PROOF: P-DISPOSITION PASS after reimport 2: OOS #233 is false_p=False out_of_scope=True risk_accepted=False active=False is_mitigated=True (expected false_p=False out_of_scope=True risk_accepted=False active=False is_mitigated=True), mitigated=2026-09-30T20:46:07.556226Z
PROOF: P-DISPOSITION PASS after reimport 2: RA #234 is false_p=False out_of_scope=False risk_accepted=True active=False is_mitigated=False (expected false_p=False out_of_scope=False risk_accepted=True active=False is_mitigated=False), mitigated=None
    reimport 2 trivy-fs statistics.delta: {"closed": {"critical": {"active": 0, "duplicate": 0, "false_p": 0, "is_mitigated": 0, "out_of_scope": 0, "risk_accepted": 0, "total": 0, "verified": 0}, "high": {"active": 0, "duplicate": 0, "false_p": 0, "is_mitigated": 0, "out_of_scope": 0, "risk_accepted": 0, "total": 0, "verified": 0}, "info": {"active": 0, "duplicate": 0, "false_p": 0, "is_mitigated": 0, "out_of_scope": 0, "risk_accepted": 0, "total": 0, "verified": 0}, "low": {"active": 0, "duplicate": 0, "false_p": 0, "is_mitigated": 0, "out_of_scope": 0, "risk_accepted": 0, "total": 0, "verified": 0}, "medium": {"active": 0, "duplicate": 0, "false_p": 0, "is_mitigated": 0, "out_of_scope": 0, "risk_accepted": 0, "total": 0, "verified": 0}, "total": {"active": 0, "duplicate": 0, "false_p": 0, "is_mitigated": 0, "out_of_scope": 0, "r
PROOF: P-DISPOSITION PASS reimport 2: trivy-fs statistics.delta.reactivated.total = 0 (expected 0)
PROOF: P-DISPOSITION PASS reimport 2 vs reimport 1: the three tuples and the FP/OOS mitigated timestamps (FP=2026-09-30T20:46:07.209157Z, OOS=2026-09-30T20:46:07.556226Z) are unchanged

=== dispositions on ci/main suppress new PR copies (P-SUPPRESS) ===
    import suppress-pr: proof/dedup / ci/proof/pr-suppress (pull_request) from reports-main-trimmed
    | TLS mode: verified-ca
    | product=proof/dedup product_type=CI engagement=ci/proof/pr-suppress
    | IMPORTED: semgrep-results.json scan_type=Semgrep JSON Report test=semgrep http=201 test_id=28 after_total=7
    | IMPORTED: checkov-results.json scan_type=Checkov Scan test=checkov http=201 test_id=29 after_total=14
    | IMPORTED: trivy-fs.json scan_type=Trivy Scan test=trivy-fs http=201 test_id=30 after_total=5
    | IMPORTED: trivy-image.json scan_type=Trivy Scan test=trivy-image http=201 test_id=31 after_total=59
    | IMPORTED: gitleaks-results.json scan_type=Gitleaks Scan test=gitleaks http=201 test_id=32 after_total=18
    | IMPORTED: npm-audit-1.json scan_type=NPM Audit v7+ Scan test=npm-audit-1 http=201 test_id=33 after_total=2
    | IMPORTED: pip-audit-1.json scan_type=pip-audit Scan test=pip-audit-1 http=201 test_id=34 after_total=47
    | IMPORTED: tflint.sarif scan_type=SARIF test=tflint http=201 test_id=35 after_total=3
    | attempted=8 skipped=0 failed=0
    dedup settled after 8 s: 155 duplicate of 155 findings in proof/dedup / ci/proof/pr-suppress (unchanged across two snapshots 5 s apart)
PROOF: P-SUPPRESS PASS FP #232: 1 ci/proof/pr-suppress finding(s) have it as duplicate_finding (expected exactly 1, duplicate=true, active=false): #543 'CVE-2021-23337 Lodash 4.17.15' dup=True active=False dup_of=232
PROOF: P-SUPPRESS PASS OOS #233: 1 ci/proof/pr-suppress finding(s) have it as duplicate_finding (expected exactly 1, duplicate=true, active=false): #544 'CVE-2026-4800 Lodash 4.17.15' dup=True active=False dup_of=233
PROOF: P-SUPPRESS PASS RA #234: 1 ci/proof/pr-suppress finding(s) have it as duplicate_finding (expected exactly 1, duplicate=true, active=false): #545 'NSWG-ECO-516 Lodash 4.17.15' dup=True active=False dup_of=234
PROOF: P-SUPPRESS PASS ci/proof/pr-suppress holds 155 findings, 0 active (expected 0: every finding in the trimmed set already exists on ci/main)

=== PR engagement delete re-parents ci/main findings (P-REPARENT) ===
    import reparent-pr: proof/dedup-reparent / ci/proof/pr-first (pull_request) from reports-trivy-only
    | TLS mode: verified-ca
    | product=proof/dedup-reparent product_type=CI engagement=ci/proof/pr-first
    | SKIP: semgrep-results.json not in artifacts — report missing
    | SKIP: checkov-results.json not in artifacts — report missing
    | IMPORTED: trivy-fs.json scan_type=Trivy Scan test=trivy-fs http=201 test_id=36 after_total=6
    | SKIP: trivy-image.json not in artifacts — no Dockerfile in this repository
    | SKIP: gitleaks-results.json not in artifacts — report missing
    | SKIP: npm-audit-*.json not in artifacts — no package-lock.json in this repository
    | SKIP: pip-audit-*.json not in artifacts — no requirements file in this repository
    | SKIP: tflint.sarif not in artifacts — no Terraform in this repository
    | attempted=1 skipped=7 failed=0
    import reparent-main: proof/dedup-reparent / ci/main (schedule) from reports-trivy-only
    | TLS mode: verified-ca
    | product=proof/dedup-reparent product_type=CI engagement=ci/main
    | SKIP: semgrep-results.json not in artifacts — report missing
    | SKIP: checkov-results.json not in artifacts — report missing
    | IMPORTED: trivy-fs.json scan_type=Trivy Scan test=trivy-fs http=201 test_id=37 after_total=6
    | SKIP: trivy-image.json not in artifacts — no Dockerfile in this repository
    | SKIP: gitleaks-results.json not in artifacts — report missing
    | SKIP: npm-audit-*.json not in artifacts — no package-lock.json in this repository
    | SKIP: pip-audit-*.json not in artifacts — no requirements file in this repository
    | SKIP: tflint.sarif not in artifacts — no Terraform in this repository
    | attempted=1 skipped=7 failed=0
    dedup settled after 6 s: 6 duplicate of 6 findings in proof/dedup-reparent / ci/main (unchanged across two snapshots 5 s apart)
PROOF: P-REPARENT PASS precondition: ci/proof/pr-first holds 6 findings, K=6 non-duplicate (0 of them not active); ci/main holds 6 findings, 0 not a duplicate of a PR finding
    | TLS mode: verified-ca
    | product='proof/dedup-reparent' target='ci/proof/pr-first' default_branch='main'
    | DELETED: engagement id=8 name='ci/proof/pr-first' product=4
    P-REPARENT timing: read 0 s after the DELETE returned
PROOF: P-REPARENT PASS committed dd-delete body exited 0 with outcome deleted, as ci-importer; ci/proof/pr-first is gone from proof/dedup-reparent
PROOF: P-REPARENT PASS immediately after the delete (no reimport): ci/main has 6 findings with duplicate=false and active=true (expected K=6); 6 total, 6 non-duplicate, 0 duplicate
PROOF: P-REPARENT PASS every remaining ci/main duplicate (0) has its original inside ci/main
PROOF: P-TLS PASS no curl in the live run read the hostile curlrc: curlrc-global-trace.txt and curlrc-global-libcurl.c were never created

PROOF PASS - 166 assertions
==> POST-HOOK: PASS - /home/runner/work/security-platform/security-platform/scripts/defectdojo-import-proof.sh exited 0

=== Summary ===
ALL PASS - 13 live check(s) executed and passed; 0 sub-check(s) skipped (not passed).
